2025-12-02 18:15:53, MOVE, v:1, k:poo@agenda, mode:PICK
2025-12-02 18:15:55, EXEC, v:1, k:poo@agenda, mode:FULL, rate:25
2025-12-02 18:22:17, EXEC, v:1, k:poo@agenda, mode:FULL, rate:25, size:139
2025-12-02 18:25:02, EXEC, v:1, k:poo@agenda, mode:FULL, rate:12, size:140
2025-12-02 18:28:23, EXEC, v:1, k:poo@agenda, mode:FULL, rate:0, size:147
2025-12-02 18:28:44, EXEC, v:1, k:poo@agenda, mode:FULL, rate:0, size:147
2025-12-02 18:28:48, EXEC, v:1, k:poo@agenda, mode:FULL, rate:0
2025-12-02 18:29:58, EXEC, v:1, k:poo@agenda, mode:FULL, rate:25, size:147
2025-12-02 18:30:43, MOVE, v:1, k:poo@agenda, mode:PICK
2025-12-02 18:30:44, EXEC, v:1, k:poo@agenda, mode:FULL, rate:25, size:139
2025-12-02 18:33:03, MOVE, v:1, k:poo@agenda, mode:BACK
2025-12-02 18:33:17, MOVE, v:1, k:poo@tarifas, mode:DOWN
2025-12-02 18:33:30, MOVE, v:1, k:poo@tarifas, mode:PICK
2025-12-02 18:33:32, EXEC, v:1, k:poo@tarifas, mode:FULL, rate:0, size:0
2025-12-02 18:34:04, EXEC, v:1, k:poo@tarifas, mode:FULL, rate:0
2025-12-02 19:13:09, EXEC, v:1, k:poo@tarifas, mode:FULL, rate:0, size:29
2025-12-02 19:13:11, MOVE, v:1, k:poo@tarifas, mode:BACK
2025-12-02 19:25:57, MOVE, v:1, k:poo@tarifas, mode:PICK
2025-12-02 19:25:58, EXEC, v:1, k:poo@tarifas, mode:FULL, rate:0, size:48
2025-12-02 19:26:01, MOVE, v:1, k:poo@tarifas, mode:BACK
